// Jest Snapshot v1, https://goo.gl/fbAQLP

exports[`laz macros Stream > array literal > transform to stream structure: Stream > array literal > transform to stream structure 1`] = `

import { stream } from '../../src/macro';

const stream1 = stream([1, 2, 3]);

      ↓ ↓ ↓ ↓ ↓ ↓

const stream1 = [() => 1, () => [() => 2, () => [() => 3, () => []]]];


`;

exports[`laz macros Thunk > any expression > wrap in a thunk: Thunk > any expression > wrap in a thunk 1`] = `

import { thunk } from '../../src/macro';

const lazy1 = thunk(1);

      ↓ ↓ ↓ ↓ ↓ ↓

const lazy1 = () => 1;


`;
